Tue Sep 15 05:11:25 UTC 2026 - TBH update
Wed Sep 16 05:06:44 UTC 2026 - TBH update
Thu Sep 17 05:10:56 UTC 2026 - TBH update
Fri Sep 18 05:03:59 UTC 2026 - TBH update
Sat Sep 19 04:54:25 UTC 2026 - TBH update
Sun Sep 20 05:16:00 UTC 2026 - TBH update
Mon Sep 21 05:19:07 UTC 2026 - TBH update
Tue Sep 22 05:17:11 UTC 2026 - TBH update
Wed Sep 23 05:02:22 UTC 2026 - TBH update
Thu Sep 24 05:13:21 UTC 2026 - TBH update
Fri Sep 25 05:15:09 UTC 2026 - TBH update
Sat Sep 26 05:20:21 UTC 2026 - TBH update
Sun Sep 27 05:37:10 UTC 2026 - TBH update
Mon Sep 28 05:44:38 UTC 2026 - TBH update
Tue Sep 29 06:02:14 UTC 2026 - TBH update
Wed Sep 30 05:51:17 UTC 2026 - TBH update
Thu Oct  1 06:24:49 UTC 2026 - TBH update
Fri Oct  2 06:03:07 UTC 2026 - TBH update
Sat Oct  3 05:37:29 UTC 2026 - TBH update
Sun Oct  4 06:12:39 UTC 2026 - TBH update
Mon Oct  5 06:05:36 UTC 2026 - TBH update
Tue Oct  6 06:45:10 UTC 2026 - TBH update
Wed Oct  7 06:20:42 UTC 2026 - TBH update
Thu Oct  8 06:31:51 UTC 2026 - TBH update
Fri Oct  9 06:33:21 UTC 2026 - TBH update
Sat Oct 10 06:16:29 UTC 2026 - TBH update
